<html>
<body>
<pre>
<h1>µVision Build Log</h1>
<h2>Tool Versions:</h2>
IDE-Version: µVision V5.30.0.0
Copyright (C) 2020 ARM Ltd and ARM Germany GmbH. All rights reserved.
License Information: ahmed gamal, faculty, LIC=----
 
Tool Versions:
Toolchain:       MDK-Lite  Version: 5.30.0.0
Toolchain Path:  D:\keil\ARM\ARMCLANG\Bin
C Compiler:      ArmClang.exe V6.14
Assembler:       Armasm.exe V6.14
Linker/Locator:  ArmLink.exe V6.14
Library Manager: ArmAr.exe V6.14
Hex Converter:   FromElf.exe V6.14
CPU DLL:         SARMCM3.DLL V5.30.0.0
Dialog DLL:      DCM.DLL V1.17.3.0
Target DLL:      UL2CM3.DLL V1.163.3.0
Dialog DLL:      TCM.DLL V1.42.0.0
 
<h2>Project:</h2>
D:\downloads\kolya_projects\micro\project\hotel_room_controller\micro_project.uvprojx
Project File Date:  05/29/2020

<h2>Output:</h2>
*** Using Compiler 'V6.14', folder: 'D:\keil\ARM\ARMCLANG\Bin'
Build target 'Target 1'
Note: source file 'RTE\Device\TM4C123GH6PM\startup_TM4C123.s' - object file renamed from '.\Objects\startup_TM4C123.o' to '.\Objects\startup_tm4c123_1.o'.
Note: source file 'RTE\Device\TM4C123GH6PM\startup_TM4C123.s' - object file renamed from '.\Objects\startup_TM4C123.o' to '.\Objects\startup_tm4c123_1.o'.
main.c(18): warning: In file included from...
./UART_driver.h(7): warning: no newline at end of file [-Wnewline-eof]
void UART0_send(char data);
                           ^
main.c(19): warning: In file included from...
./portF.h(7): warning: no newline at end of file [-Wnewline-eof]
void LED_OFF(void);
                   ^
main.c(20): warning: In file included from...
./keypad.h(22): warning: no newline at end of file [-Wnewline-eof]
#endif /*KEYPAD_H_*/
                    ^
3 warnings generated.
compiling main.c...
linking...
Program Size: Code=1280 RO-data=636 RW-data=0 ZI-data=624  
".\Objects\micro_project.axf" - 0 Error(s), 3 Warning(s).

<h2>Software Packages used:</h2>

Package Vendor: ARM
                http://www.keil.com/pack/ARM.CMSIS.5.7.0.pack
                ARM.CMSIS.5.7.0
                CMSIS (Cortex Microcontroller Software Interface Standard)
   * Component: CORE Version: 5.4.0

Package Vendor: Keil
                http://www.keil.com/pack/Keil.TM4C_DFP.1.1.0.pack
                Keil.TM4C_DFP.1.1.0
                Texas Instruments Tiva C Series Device Support and Examples
   * Component: Startup Version: 1.0.1

<h2>Collection of Component include folders:</h2>
  .\RTE\_Target_1
  D:\keil\ARM\CMSIS\5.7.0\CMSIS\Core\Include
  D:\keil\Keil\TM4C_DFP\1.1.0\Device\Include\TM4C123

<h2>Collection of Component Files used:</h2>

   * Component: ARM::CMSIS:CORE:5.4.0

   * Component: Keil::Device:Startup:1.0.1
      Include file:  Device\Include\TM4C123\TM4C123.h
      Source file:   Device\Source\ARM\startup_TM4C123.s
      Source file:   Device\Source\system_TM4C123.c
Build Time Elapsed:  00:00:03
</pre>
</body>
</html>
